     1                                  ;Two strings of characters of equal length are given. Calculate and display the results of the interleaving of the letters, for the two possible interlaces (the letters of the first string in an even position, respe
     2                                  bits 32 
     3                                  
     4                                  global start        
     5                                  
     6                                  extern exit,printf 
     7                                  extern calculate                
     8                                  import exit msvcrt.dll    
     9                                  import printf msvcrt.dll        
    10                                  segment data use32 class=data
    11 00000000 310000003200000033-         s1 dd '1','2','3','4','5','6'
    11 00000009 000000340000003500-
    11 00000012 000036000000       
    12                                      len equ $-s1 
    13 00000018 610000006200000063-         s2 dd 'a','b','c','d','e','f'
    13 00000021 000000640000006500-
    13 0000002A 000066000000       
    14 00000030 00000000<rept>              x times len+len dd 0
    15 000000F0 6173646164000000            h dd "asdad"
    16                                  segment code use32 class=code
    17                                      start:
    18 00000000 68[00000000]                    push dword s1
    19 00000005 68[18000000]                    push dword s2
    20 0000000A 6A18                            push dword len 
    21 0000000C 68[30000000]                    push dword x
    22 00000011 E8(00000000)                    call calculate
    23 00000016 83C410                          add esp,4*4 
    24                                          
    25 00000019 68[30000000]                    push dword x
    26 0000001E FF15[00000000]                  call [printf]
    27 00000024 83C404                          add esp,4
    28                                          
    29 00000027 6A00                            push    dword 0
    30 00000029 FF15[00000000]                  call    [exit]       
